---
source: src/clippings.rs
expression: parsed_location
---
- "877"
- "879"

