---
source: src/clippings.rs
expression: parsed_clip
---
book: "Building a Second Brain: A Proven Method to Organize Your Digital Life and Unlock Your Creative Potential (2022)"
author: Tiago Forte
content: "Itâ€™s important to keep capturing relatively effortless because it is only the first step.        "
date: 2022-12-18

